警告 ../testdata/chains.profile.yaml:5：节点名 "入口, A" 含有逗号等特殊字符，已改为 "入口， A"
警告 ../testdata/chains.profile.yaml:6：节点 "中转" 自带 dialer-proxy，在链 "两跳" 中会改为经由 "入口， A" 连接
警告 ../testdata/chains.profile.yaml:6：节点 "中转" 自带 dialer-proxy，在链 "三跳" 中会改为经由 "三跳›1›入口， A" 连接
警告 ../testdata/chains.profile.yaml:8：节点 "手写链" 自带 dialer-proxy，在链 "中间组" 中会改为经由 "入口， A" 连接
警告 ../testdata/chains.profile.yaml:8：节点 "手写链" 自带 dialer-proxy，在链 "末尾组" 中会改为经由 "入口， A" 连接
警告 ../testdata/chains.profile.yaml:11：出口组 "入口组"：sing-box 没有负载均衡组，改为自动选择延迟最低的成员
